main.c:95:9:get_char	16	static
main.c:110:6:fsend	152	static,ignoring_inline_asm
main.c:141:6:wypelnienie	24	static
main.c:152:6:doner	16	static
main.c:208:5:checksum	40	static
main.c:240:6:get_line	24	static
main.c:290:6:HAL_UART_TxCpltCallback	24	static
main.c:304:6:HAL_UART_RxCpltCallback	16	static
main.c:325:5:main	8	static
main.c:397:6:SystemClock_Config	72	static
main.c:435:6:HAL_TIM_PeriodElapsedCallback	16	static
main.c:451:6:HAL_TIM_IC_CaptureCallback	16	static
main.c:484:6:Error_Handler	4	static
