main.c:99:9:get_char	16	static
main.c:114:5:checkSum	32	static
main.c:124:6:fmessage	32	static
main.c:128:6:fsend	544	static,ignoring_inline_asm
main.c:161:6:wypelnienie	24	static
main.c:175:6:start	8	static
main.c:185:6:doner	16	static
main.c:238:5:hexVal	32	static
main.c:254:6:get_analyze	40	static
main.c:311:6:HAL_UART_TxCpltCallback	24	static
main.c:325:6:HAL_UART_RxCpltCallback	16	static
main.c:346:5:main	8	static
main.c:416:6:SystemClock_Config	72	static
main.c:451:6:HAL_TIM_IC_CaptureCallback	16	static
main.c:489:6:HAL_TIM_PeriodElapsedCallback	16	static
main.c:514:6:Error_Handler	4	static
